(TranslationUnit
    [(Program
        test
        ()
        []
        []
        []
        [(Continue
            10
            ()
        )
        (Print
            0
            ()
            [(String "hello\r world")]
            ()
        )]
        []
    )]
)
